../Core/Src/main.c:57:6:rampToTarget	24	static
../Core/Src/main.c:80:6:LPF	24	static
../Core/Src/main.c:89:6:Task_1ms	4	static
../Core/Src/main.c:114:6:Task_10ms	16	static
../Core/Src/main.c:162:6:Task_100ms	4	static
../Core/Src/main.c:168:6:Task_500ms	8	static
../Core/Src/main.c:191:6:Task_1sec	4	static
../Core/Src/main.c:197:6:Scheduler	8	static
../Core/Src/main.c:225:6:SysTick_Handler	8	static
../Core/Src/main.c:232:6:SysTick_Init	4	static
../Core/Src/main.c:247:6:TIM1_UP_TIM10_IRQHandler	16	static
../Core/Src/main.c:376:6:EXTI0_IRQHandler	8	static
../Core/Src/main.c:386:6:EXTI1_IRQHandler	8	static
../Core/Src/main.c:396:6:EXTI2_IRQHandler	8	static
../Core/Src/main.c:406:5:main	16	static
../Core/Src/main.c:509:6:SpeedCal	16	static
../Core/Src/main.c:541:6:Update_Hall_Sequence	4	static
