../Core/Src/main.c:57:6:rampToTarget	5
../Core/Src/main.c:80:6:LPF	1
../Core/Src/main.c:89:6:Task_1ms	3
../Core/Src/main.c:114:6:Task_10ms	6
../Core/Src/main.c:162:6:Task_100ms	1
../Core/Src/main.c:168:6:Task_500ms	1
../Core/Src/main.c:191:6:Task_1sec	1
../Core/Src/main.c:197:6:Scheduler	5
../Core/Src/main.c:225:6:SysTick_Handler	1
../Core/Src/main.c:232:6:SysTick_Init	1
../Core/Src/main.c:247:6:TIM1_UP_TIM10_IRQHandler	21
../Core/Src/main.c:376:6:EXTI0_IRQHandler	2
../Core/Src/main.c:386:6:EXTI1_IRQHandler	2
../Core/Src/main.c:396:6:EXTI2_IRQHandler	2
../Core/Src/main.c:406:5:main	13
../Core/Src/main.c:509:6:SpeedCal	3
../Core/Src/main.c:541:6:Update_Hall_Sequence	1
