Archive member included to satisfy reference by file (symbol)

/Applications/STM32CubeIDE.app/Contents/Eclipse/plugins/com.st.stm32cube.ide.mcu.externaltools.gnu-tools-for-stm32.12.3.rel1.macos64_1.1.0.202410301201/tools/bin/../lib/gcc/arm-none-eabi/12.3.1/../../../../arm-none-eabi/lib/thumb/v7e-m+dp/hard/libc_nano.a(libc_a-exit.o)
                              /Applications/STM32CubeIDE.app/Contents/Eclipse/plugins/com.st.stm32cube.ide.mcu.externaltools.gnu-tools-for-stm32.12.3.rel1.macos64_1.1.0.202410301201/tools/bin/../lib/gcc/arm-none-eabi/12.3.1/../../../../arm-none-eabi/lib/thumb/v7e-m+dp/hard/crt0.o (exit)
/Applications/STM32CubeIDE.app/Contents/Eclipse/plugins/com.st.stm32cube.ide.mcu.externaltools.gnu-tools-for-stm32.12.3.rel1.macos64_1.1.0.202410301201/tools/bin/../lib/gcc/arm-none-eabi/12.3.1/../../../../arm-none-eabi/lib/thumb/v7e-m+dp/hard/libc_nano.a(libc_a-findfp.o)
                              /Applications/STM32CubeIDE.app/Contents/Eclipse/plugins/com.st.stm32cube.ide.mcu.externaltools.gnu-tools-for-stm32.12.3.rel1.macos64_1.1.0.202410301201/tools/bin/../lib/gcc/arm-none-eabi/12.3.1/../../../../arm-none-eabi/lib/thumb/v7e-m+dp/hard/libc_nano.a(libc_a-exit.o) (__stdio_exit_handler)
/Applications/STM32CubeIDE.app/Contents/Eclipse/plugins/com.st.stm32cube.ide.mcu.externaltools.gnu-tools-for-stm32.12.3.rel1.macos64_1.1.0.202410301201/tools/bin/../lib/gcc/arm-none-eabi/12.3.1/../../../../arm-none-eabi/lib/thumb/v7e-m+dp/hard/libc_nano.a(libc_a-fwalk.o)
                              /Applications/STM32CubeIDE.app/Contents/Eclipse/plugins/com.st.stm32cube.ide.mcu.externaltools.gnu-tools-for-stm32.12.3.rel1.macos64_1.1.0.202410301201/tools/bin/../lib/gcc/arm-none-eabi/12.3.1/../../../../arm-none-eabi/lib/thumb/v7e-m+dp/hard/libc_nano.a(libc_a-findfp.o) (_fwalk_sglue)
/Applications/STM32CubeIDE.app/Contents/Eclipse/plugins/com.st.stm32cube.ide.mcu.externaltools.gnu-tools-for-stm32.12.3.rel1.macos64_1.1.0.202410301201/tools/bin/../lib/gcc/arm-none-eabi/12.3.1/../../../../arm-none-eabi/lib/thumb/v7e-m+dp/hard/libc_nano.a(libc_a-memset.o)
                              /Applications/STM32CubeIDE.app/Contents/Eclipse/plugins/com.st.stm32cube.ide.mcu.externaltools.gnu-tools-for-stm32.12.3.rel1.macos64_1.1.0.202410301201/tools/bin/../lib/gcc/arm-none-eabi/12.3.1/../../../../arm-none-eabi/lib/thumb/v7e-m+dp/hard/crt0.o (memset)
/Applications/STM32CubeIDE.app/Contents/Eclipse/plugins/com.st.stm32cube.ide.mcu.externaltools.gnu-tools-for-stm32.12.3.rel1.macos64_1.1.0.202410301201/tools/bin/../lib/gcc/arm-none-eabi/12.3.1/../../../../arm-none-eabi/lib/thumb/v7e-m+dp/hard/libc_nano.a(libc_a-impure.o)
                              /Applications/STM32CubeIDE.app/Contents/Eclipse/plugins/com.st.stm32cube.ide.mcu.externaltools.gnu-tools-for-stm32.12.3.rel1.macos64_1.1.0.202410301201/tools/bin/../lib/gcc/arm-none-eabi/12.3.1/../../../../arm-none-eabi/lib/thumb/v7e-m+dp/hard/libc_nano.a(libc_a-findfp.o) (_impure_data)
/Applications/STM32CubeIDE.app/Contents/Eclipse/plugins/com.st.stm32cube.ide.mcu.externaltools.gnu-tools-for-stm32.12.3.rel1.macos64_1.1.0.202410301201/tools/bin/../lib/gcc/arm-none-eabi/12.3.1/../../../../arm-none-eabi/lib/thumb/v7e-m+dp/hard/libc_nano.a(libc_a-errno.o)
                              ./Core/Src/syscalls.o (__errno)
/Applications/STM32CubeIDE.app/Contents/Eclipse/plugins/com.st.stm32cube.ide.mcu.externaltools.gnu-tools-for-stm32.12.3.rel1.macos64_1.1.0.202410301201/tools/bin/../lib/gcc/arm-none-eabi/12.3.1/../../../../arm-none-eabi/lib/thumb/v7e-m+dp/hard/libc_nano.a(libc_a-init.o)
                              /Applications/STM32CubeIDE.app/Contents/Eclipse/plugins/com.st.stm32cube.ide.mcu.externaltools.gnu-tools-for-stm32.12.3.rel1.macos64_1.1.0.202410301201/tools/bin/../lib/gcc/arm-none-eabi/12.3.1/../../../../arm-none-eabi/lib/thumb/v7e-m+dp/hard/crt0.o (__libc_init_array)
/Applications/STM32CubeIDE.app/Contents/Eclipse/plugins/com.st.stm32cube.ide.mcu.externaltools.gnu-tools-for-stm32.12.3.rel1.macos64_1.1.0.202410301201/tools/bin/../lib/gcc/arm-none-eabi/12.3.1/../../../../arm-none-eabi/lib/thumb/v7e-m+dp/hard/libc_nano.a(libc_a-lock.o)
                              /Applications/STM32CubeIDE.app/Contents/Eclipse/plugins/com.st.stm32cube.ide.mcu.externaltools.gnu-tools-for-stm32.12.3.rel1.macos64_1.1.0.202410301201/tools/bin/../lib/gcc/arm-none-eabi/12.3.1/../../../../arm-none-eabi/lib/thumb/v7e-m+dp/hard/libc_nano.a(libc_a-findfp.o) (__retarget_lock_init_recursive)
/Applications/STM32CubeIDE.app/Contents/Eclipse/plugins/com.st.stm32cube.ide.mcu.externaltools.gnu-tools-for-stm32.12.3.rel1.macos64_1.1.0.202410301201/tools/bin/../lib/gcc/arm-none-eabi/12.3.1/../../../../arm-none-eabi/lib/thumb/v7e-m+dp/hard/libc_nano.a(libc_a-mallocr.o)
[...]
Memory Configuration

Name             Origin             Length             Attributes
RAM              0x20000000         0x00080000         xrw
FLASH            0x08000000         0x00200000         xr
*default*        0x00000000         0xffffffff

Linker script and memory map

LOAD /Applications/STM32CubeIDE.app/Contents/Eclipse/plugins/com.st.stm32cube.ide.mcu.externaltools.gnu-tools-for-stm32.12.3.rel1.macos64_1.1.0.202410301201/tools/bin/../lib/gcc/arm-none-eabi/12.3.1/thumb/v7e-m+dp/hard/crti.o
LOAD /Applications/STM32CubeIDE.app/Contents/Eclipse/plugins/com.st.stm32cube.ide.mcu.externaltools.gnu-tools-for-stm32.12.3.rel1.macos64_1.1.0.202410301201/tools/bin/../lib/gcc/arm-none-eabi/12.3.1/thumb/v7e-m+dp/hard/crtbegin.o
LOAD /Applications/STM32CubeIDE.app/Contents/Eclipse/plugins/com.st.stm32cube.ide.mcu.externaltools.gnu-tools-for-stm32.12.3.rel1.macos64_1.1.0.202410301201/tools/bin/../lib/gcc/arm-none-eabi/12.3.1/../../../../arm-none-eabi/lib/thumb/v7e-m+dp/hard/crt0.o
LOAD ./Core/Src/GPIO.o
LOAD ./Core/Src/adc.o
LOAD ./Core/Src/clock.o
LOAD ./Core/Src/dac.o
LOAD ./Core/Src/hall.o
LOAD ./Core/Src/main.o
LOAD ./Core/Src/stm32f7xx_hal_msp.o
LOAD ./Core/Src/stm32f7xx_it.o
LOAD ./Core/Src/syscalls.o
LOAD ./Core/Src/sysmem.o
LOAD ./Core/Src/system_stm32f7xx.o
LOAD ./Core/Src/timer.o
LOAD ./Core/Src/uart.o
LOAD ./Core/Startup/startup_stm32f767vitx.o
LOAD ./Drivers/STM32F7xx_HAL_Driver/Src/stm32f7xx_hal.o
LOAD ./Drivers/STM32F7xx_HAL_Driver/Src/stm32f7xx_hal_cortex.o
LOAD ./Drivers/STM32F7xx_HAL_Driver/Src/stm32f7xx_hal_dma.o
LOAD ./Drivers/STM32F7xx_HAL_Driver/Src/stm32f7xx_hal_dma_ex.o
LOAD ./Drivers/STM32F7xx_HAL_Driver/Src/stm32f7xx_hal_exti.o
LOAD ./Drivers/STM32F7xx_HAL_Driver/Src/stm32f7xx_hal_flash.o
LOAD ./Drivers/STM32F7xx_HAL_Driver/Src/stm32f7xx_hal_flash_ex.o
LOAD ./Drivers/STM32F7xx_HAL_Driver/Src/stm32f7xx_hal_gpio.o
LOAD ./Drivers/STM32F7xx_HAL_Driver/Src/stm32f7xx_hal_i2c.o
LOAD ./Drivers/STM32F7xx_HAL_Driver/Src/stm32f7xx_hal_i2c_ex.o
LOAD ./Drivers/STM32F7xx_HAL_Driver/Src/stm32f7xx_hal_pwr.o
LOAD ./Drivers/STM32F7xx_HAL_Driver/Src/stm32f7xx_hal_pwr_ex.o
LOAD ./Drivers/STM32F7xx_HAL_Driver/Src/stm32f7xx_hal_rcc.o
LOAD ./Drivers/STM32F7xx_HAL_Driver/Src/stm32f7xx_hal_rcc_ex.o
START GROUP
LOAD /Applications/STM32CubeIDE.app/Contents/Eclipse/plugins/com.st.stm32cube.ide.mcu.externaltools.gnu-tools-for-stm32.12.3.rel1.macos64_1.1.0.202410301201/tools/bin/../lib/gcc/arm-none-eabi/12.3.1/../../../../arm-none-eabi/lib/thumb/v7e-m+dp/hard/libc_nano.a
LOAD /Applications/STM32CubeIDE.app/Contents/Eclipse/plugins/com.st.stm32cube.ide.mcu.externaltools.gnu-tools-for-stm32.12.3.rel1.macos64_1.1.0.202410301201/tools/bin/../lib/gcc/arm-none-eabi/12.3.1/../../../../arm-none-eabi/lib/thumb/v7e-m+dp/hard/libm.a
END GROUP
START GROUP
LOAD /Applications/STM32CubeIDE.app/Contents/Eclipse/plugins/com.st.stm32cube.ide.mcu.externaltools.gnu-tools-for-stm32.12.3.rel1.macos64_1.1.0.202410301201/tools/bin/../lib/gcc/arm-none-eabi/12.3.1/thumb/v7e-m+dp/hard/libgcc.a
LOAD /Applications/STM32CubeIDE.app/Contents/Eclipse/plugins/com.st.stm32cube.ide.mcu.externaltools.gnu-tools-for-stm32.12.3.rel1.macos64_1.1.0.202410301201/tools/bin/../lib/gcc/arm-none-eabi/12.3.1/../../../../arm-none-eabi/lib/thumb/v7e-m+dp/hard/libc_nano.a
END GROUP
START GROUP
LOAD /Applications/STM32CubeIDE.app/Contents/Eclipse/plugins/com.st.stm32cube.ide.mcu.externaltools.gnu-tools-for-stm32.12.3.rel1.macos64_1.1.0.202410301201/tools/bin/../lib/gcc/arm-none-eabi/12.3.1/thumb/v7e-m+dp/hard/libgcc.a
LOAD /Applications/STM32CubeIDE.app/Contents/Eclipse/plugins/com.st.stm32cube.ide.mcu.externaltools.gnu-tools-for-stm32.12.3.rel1.macos64_1.1.0.202410301201/tools/bin/../lib/gcc/arm-none-eabi/12.3.1/../../../../arm-none-eabi/lib/thumb/v7e-m+dp/hard/libc_nano.a
LOAD /Applications/STM32CubeIDE.app/Contents/Eclipse/plugins/com.st.stm32cube.ide.mcu.externaltools.gnu-tools-for-stm32.12.3.rel1.macos64_1.1.0.202410301201/tools/bin/../lib/gcc/arm-none-eabi/12.3.1/../../../../arm-none-eabi/lib/thumb/v7e-m+dp/hard/libnosys.a
END GROUP
START GROUP
LOAD /Applications/STM32CubeIDE.app/Contents/Eclipse/plugins/com.st.stm32cube.ide.mcu.externaltools.gnu-tools-for-stm32.12.3.rel1.macos64_1.1.0.202410301201/tools/bin/../lib/gcc/arm-none-eabi/12.3.1/thumb/v7e-m+dp/hard/libgcc.a
LOAD /Applications/STM32CubeIDE.app/Contents/Eclipse/plugins/com.st.stm32cube.ide.mcu.externaltools.gnu-tools-for-stm32.12.3.rel1.macos64_1.1.0.202410301201/tools/bin/../lib/gcc/arm-none-eabi/12.3.1/../../../../arm-none-eabi/lib/thumb/v7e-m+dp/hard/libc_nano.a
LOAD /Applications/STM32CubeIDE.app/Contents/Eclipse/plugins/com.st.stm32cube.ide.mcu.externaltools.gnu-tools-for-stm32.12.3.rel1.macos64_1.1.0.202410301201/tools/bin/../lib/gcc/arm-none-eabi/12.3.1/../../../../arm-none-eabi/lib/thumb/v7e-m+dp/hard/libnosys.a
END GROUP
LOAD /Applications/STM32CubeIDE.app/Contents/Eclipse/plugins/com.st.stm32cube.ide.mcu.externaltools.gnu-tools-for-stm32.12.3.rel1.macos64_1.1.0.202410301201/tools/bin/../lib/gcc/arm-none-eabi/12.3.1/thumb/v7e-m+dp/hard/crtend.o
LOAD /Applications/STM32CubeIDE.app/Contents/Eclipse/plugins/com.st.stm32cube.ide.mcu.externaltools.gnu-tools-for-stm32.12.3.rel1.macos64_1.1.0.202410301201/tools/bin/../lib/gcc/arm-none-eabi/12.3.1/thumb/v7e-m+dp/hard/crtn.o
                0x20080000                        _estack = (ORIGIN (RAM) + LENGTH (RAM))
                0x00000200                        _Min_Heap_Size = 0x200
                0x00000400                        _Min_Stack_Size = 0x400

.isr_vector     0x08000000      0x1f8
                0x08000000                        . = ALIGN (0x4)
 *(.isr_vector)
 .isr_vector    0x08000000      0x1f8 ./Core/Startup/startup_stm32f767vitx.o
                0x08000000                g_pfnVectors
                0x080001f8                        . = ALIGN (0x4)

.text           0x080001f8     0x1cf8
                0x080001f8                        . = ALIGN (0x4)
 *(.text)
 .text          0x080001f8       0x40 /Applications/STM32CubeIDE.app/Contents/Eclipse/plugins/com.st.stm32cube.ide.mcu.externaltools.gnu-tools-for-stm32.12.3.rel1.macos64_1.1.0.202410301201/tools/bin/../lib/gcc/arm-none-eabi/12.3.1/thumb/v7e-m+dp/hard/crtbegin.o
 *(.text*)
 .text.FLT_LED_Init
                0x08000238       0x54 ./Core/Src/GPIO.o
                0x08000238                FLT_LED_Init
 .text.Initialize_ADC
                0x0800028c       0xe0 ./Core/Src/adc.o
                0x0800028c                Initialize_ADC
 .text.SCB_EnableICache
                0x0800036c       0x4c ./Core/Src/clock.o
 .text.SCB_EnableDCache
                0x080003b8       0x88 ./Core/Src/clock.o
 .text.Initialize_MCU
                0x08000440      0x158 ./Core/Src/clock.o
                0x08000440                Initialize_MCU
 .text.DAC_Init
                0x08000598       0x70 ./Core/Src/dac.o
                0x08000598                DAC_Init
 .text.__NVIC_EnableIRQ
                0x08000608       0x3c ./Core/Src/hall.o
 .text.Initialize_Hall_Sensors
                0x08000644       0x90 ./Core/Src/hall.o
                0x08000644                Initialize_Hall_Sensors
 .text.phases_fwd
                0x080006d4       0x98 ./Core/Src/hall.o
                0x080006d4                phases_fwd
 .text.Update_Switching_Pattern
                0x0800076c       0x1a ./Core/Src/hall.o
                0x0800076c                Update_Switching_Pattern
 *fill*         0x08000786        0x2 
 .text.Set_Phases
                0x08000788      0x138 ./Core/Src/hall.o
                0x08000788                Set_Phases
 .text.Mask_Channel
                0x080008c0       0x5c ./Core/Src/hall.o
                0x080008c0                Mask_Channel
 .text.Unmask_Channel
                0x0800091c       0x5c ./Core/Src/hall.o
                0x0800091c                Unmask_Channel
 .text.rampToTarget
                0x08000978       0xa8 ./Core/Src/main.o
                0x08000978                rampToTarget
 .text.LPF      0x08000a20       0x58 ./Core/Src/main.o
                0x08000a20                LPF
 .text.Task_1ms
                0x08000a78       0xfc ./Core/Src/main.o
                0x08000a78                Task_1ms
 *fill*         0x08000b74        0x4 
 .text.Task_10ms
                0x08000b78      0x1f4 ./Core/Src/main.o
                0x08000b78                Task_10ms
 .text.Task_100ms
                0x08000d6c       0x18 ./Core/Src/main.o
                0x08000d6c                Task_100ms
 .text.Task_500ms
                0x08000d84       0xa4 ./Core/Src/main.o
                0x08000d84                Task_500ms
 .text.Task_1sec
                0x08000e28       0x18 ./Core/Src/main.o
                0x08000e28                Task_1sec
 .text.Scheduler
                0x08000e40       0xac ./Core/Src/main.o
                0x08000e40                Scheduler
 .text.SysTick_Handler
                0x08000eec       0x1c ./Core/Src/main.o
                0x08000eec                SysTick_Handler
 .text.SysTick_Init
                0x08000f08       0x28 ./Core/Src/main.o
                0x08000f08                SysTick_Init
 .text.TIM1_UP_TIM10_IRQHandler
                0x08000f30      0x508 ./Core/Src/main.o
                0x08000f30                TIM1_UP_TIM10_IRQHandler
 .text.EXTI0_IRQHandler
                0x08001438       0x2c ./Core/Src/main.o
                0x08001438                EXTI0_IRQHandler
 .text.EXTI1_IRQHandler
                0x08001464       0x2c ./Core/Src/main.o
                0x08001464                EXTI1_IRQHandler
 .text.EXTI2_IRQHandler
                0x08001490       0x2c ./Core/Src/main.o
                0x08001490                EXTI2_IRQHandler
 .text.main     0x080014bc      0x260 ./Core/Src/main.o
                0x080014bc                main
 .text.SpeedCal
                0x0800171c       0x90 ./Core/Src/main.o
                0x0800171c                SpeedCal
 .text.Update_Hall_Sequence
                0x080017ac       0x74 ./Core/Src/main.o
                0x080017ac                Update_Hall_Sequence
 .text.NMI_Handler
                0x08001820        0x8 ./Core/Src/stm32f7xx_it.o
                0x08001820                NMI_Handler
 .text.HardFault_Handler
                0x08001828        0x8 ./Core/Src/stm32f7xx_it.o
                0x08001828                HardFault_Handler
 .text.MemManage_Handler
                0x08001830        0x8 ./Core/Src/stm32f7xx_it.o
                0x08001830                MemManage_Handler
 .text.BusFault_Handler
                0x08001838        0x8 ./Core/Src/stm32f7xx_it.o
                0x08001838                BusFault_Handler
 .text.UsageFault_Handler
                0x08001840        0x8 ./Core/Src/stm32f7xx_it.o
                0x08001840                UsageFault_Handler
 .text.SVC_Handler
                0x08001848        0xe ./Core/Src/stm32f7xx_it.o
                0x08001848                SVC_Handler
 .text.DebugMon_Handler
                0x08001856        0xe ./Core/Src/stm32f7xx_it.o
                0x08001856                DebugMon_Handler
 .text.PendSV_Handler
                0x08001864        0xe ./Core/Src/stm32f7xx_it.o
                0x08001864                PendSV_Handler
 *fill*         0x08001872        0x2 
 .text.SystemInit
                0x08001874       0x24 ./Core/Src/system_stm32f7xx.o
                0x08001874                SystemInit
 .text.Initialize_PWM
                0x08001898       0xac ./Core/Src/timer.o
                0x08001898                Initialize_PWM
 .text.Initialize_TIM2
                0x08001944       0x4c ./Core/Src/timer.o
                0x08001944                Initialize_TIM2
 .text.Enable_PWM
                0x08001990       0x20 ./Core/Src/timer.o
                0x08001990                Enable_PWM
 .text.Disable_PWM
                0x080019b0       0x2c ./Core/Src/timer.o
                0x080019b0                Disable_PWM
 .text.AT09_Init
                0x080019dc       0x94 ./Core/Src/uart.o
                0x080019dc                AT09_Init
 .text.USART3_SendChar
                0x08001a70       0x30 ./Core/Src/uart.o
                0x08001a70                USART3_SendChar
 .text.USART3_SendString
                0x08001aa0       0x2a ./Core/Src/uart.o
                0x08001aa0                USART3_SendString
 *fill*         0x08001aca        0x2 
 .text.UART3_SendFloat_Simple
                0x08001acc      0x140 ./Core/Src/uart.o
                0x08001acc                UART3_SendFloat_Simple
 .text.UART2_Init
                0x08001c0c       0x94 ./Core/Src/uart.o
                0x08001c0c                UART2_Init
 .text.UART2_SendChar
                0x08001ca0       0x30 ./Core/Src/uart.o
                0x08001ca0                UART2_SendChar
 .text.UART2_SendString
                0x08001cd0       0x2a ./Core/Src/uart.o
                0x08001cd0                UART2_SendString
 *fill*         0x08001cfa        0x2 
 .text.UART2_SendFloat_Simple
                0x08001cfc      0x140 ./Core/Src/uart.o
                0x08001cfc                UART2_SendFloat_Simple
 .text.Reset_Handler
                0x08001e3c       0x50 ./Core/Startup/startup_stm32f767vitx.o
                0x08001e3c                Reset_Handler
 .text.Default_Handler
                0x08001e8c        0x2 ./Core/Startup/startup_stm32f767vitx.o
                0x08001e8c                DMA1_Stream3_IRQHandler
                0x08001e8c                TIM8_CC_IRQHandler
                0x08001e8c                UART8_IRQHandler
                0x08001e8c                SPI4_IRQHandler
                0x08001e8c                TIM1_CC_IRQHandler
                0x08001e8c                DMA2_Stream5_IRQHandler
                0x08001e8c                JPEG_IRQHandler
                0x08001e8c                DMA1_Stream5_IRQHandler
                0x08001e8c                CAN3_RX1_IRQHandler
                0x08001e8c                PVD_IRQHandler
                0x08001e8c                TAMP_STAMP_IRQHandler
                0x08001e8c                CAN2_RX1_IRQHandler
                0x08001e8c                EXTI3_IRQHandler
                0x08001e8c                TIM8_TRG_COM_TIM14_IRQHandler
                0x08001e8c                DFSDM1_FLT1_IRQHandler
                0x08001e8c                TIM8_UP_TIM13_IRQHandler
                0x08001e8c                I2C3_ER_IRQHandler
                0x08001e8c                DFSDM1_FLT2_IRQHandler
                0x08001e8c                I2C2_EV_IRQHandler
                0x08001e8c                DMA1_Stream2_IRQHandler
                0x08001e8c                CAN1_RX0_IRQHandler
                0x08001e8c                FPU_IRQHandler
                0x08001e8c                OTG_HS_WKUP_IRQHandler
                0x08001e8c                CAN3_SCE_IRQHandler
                0x08001e8c                LTDC_ER_IRQHandler
                0x08001e8c                CAN2_SCE_IRQHandler
                0x08001e8c                DMA2_Stream2_IRQHandler
                0x08001e8c                SPI1_IRQHandler
                0x08001e8c                TIM6_DAC_IRQHandler
                0x08001e8c                TIM1_BRK_TIM9_IRQHandler
                0x08001e8c                DCMI_IRQHandler
                0x08001e8c                CAN2_RX0_IRQHandler
                0x08001e8c                DMA2_Stream3_IRQHandler
                0x08001e8c                SAI2_IRQHandler
                0x08001e8c                DFSDM1_FLT3_IRQHandler
                0x08001e8c                USART6_IRQHandler
                0x08001e8c                CAN3_RX0_IRQHandler
                0x08001e8c                USART3_IRQHandler
                0x08001e8c                CAN1_RX1_IRQHandler
                0x08001e8c                UART5_IRQHandler
                0x08001e8c                DMA2_Stream0_IRQHandler
                0x08001e8c                TIM4_IRQHandler
                0x08001e8c                QUADSPI_IRQHandler
                0x08001e8c                I2C1_EV_IRQHandler
                0x08001e8c                DMA1_Stream6_IRQHandler
                0x08001e8c                DMA1_Stream1_IRQHandler
                0x08001e8c                UART4_IRQHandler
                0x08001e8c                TIM3_IRQHandler
                0x08001e8c                RCC_IRQHandler
                0x08001e8c                TIM8_BRK_TIM12_IRQHandler
                0x08001e8c                Default_Handler
                0x08001e8c                CEC_IRQHandler
                0x08001e8c                EXTI15_10_IRQHandler
                0x08001e8c                ADC_IRQHandler
                0x08001e8c                DMA1_Stream7_IRQHandler
                0x08001e8c                SPI5_IRQHandler
                0x08001e8c                TIM7_IRQHandler
                0x08001e8c                SDMMC1_IRQHandler
                0x08001e8c                CAN2_TX_IRQHandler
                0x08001e8c                TIM5_IRQHandler
                0x08001e8c                DMA2_Stream7_IRQHandler
                0x08001e8c                I2C3_EV_IRQHandler
                0x08001e8c                EXTI9_5_IRQHandler
                0x08001e8c                RTC_WKUP_IRQHandler
                0x08001e8c                LTDC_IRQHandler
                0x08001e8c                ETH_WKUP_IRQHandler
                0x08001e8c                SPDIF_RX_IRQHandler
                0x08001e8c                SPI2_IRQHandler
                0x08001e8c                OTG_HS_EP1_IN_IRQHandler
                0x08001e8c                DMA1_Stream0_IRQHandler
                0x08001e8c                CAN1_TX_IRQHandler
                0x08001e8c                EXTI4_IRQHandler
                0x08001e8c                RNG_IRQHandler
                0x08001e8c                ETH_IRQHandler
                0x08001e8c                OTG_HS_EP1_OUT_IRQHandler
                0x08001e8c                WWDG_IRQHandler
                0x08001e8c                SPI6_IRQHandler
                0x08001e8c                MDIOS_IRQHandler
                0x08001e8c                I2C4_EV_IRQHandler
                0x08001e8c                CAN3_TX_IRQHandler
                0x08001e8c                TIM2_IRQHandler
                0x08001e8c                OTG_FS_WKUP_IRQHandler
                0x08001e8c                TIM1_TRG_COM_TIM11_IRQHandler
                0x08001e8c                OTG_HS_IRQHandler
                0x08001e8c                DMA2D_IRQHandler
                0x08001e8c                SDMMC2_IRQHandler
                0x08001e8c                UART7_IRQHandler
                0x08001e8c                USART2_IRQHandler
                0x08001e8c                DFSDM1_FLT0_IRQHandler
                0x08001e8c                I2C2_ER_IRQHandler
                0x08001e8c                DMA2_Stream1_IRQHandler
                0x08001e8c                CAN1_SCE_IRQHandler
                0x08001e8c                FLASH_IRQHandler
                0x08001e8c                DMA2_Stream4_IRQHandler
                0x08001e8c                USART1_IRQHandler
                0x08001e8c                OTG_FS_IRQHandler
                0x08001e8c                SPI3_IRQHandler
                0x08001e8c                DMA1_Stream4_IRQHandler
                0x08001e8c                I2C1_ER_IRQHandler
                0x08001e8c                FMC_IRQHandler
                0x08001e8c                LPTIM1_IRQHandler
                0x08001e8c                I2C4_ER_IRQHandler
                0x08001e8c                DMA2_Stream6_IRQHandler
                0x08001e8c                SAI1_IRQHandler
                0x08001e8c                RTC_Alarm_IRQHandler
 *fill*         0x08001e8e        0x2 
 .text.__libc_init_array
                0x08001e90       0x48 /Applications/STM32CubeIDE.app/Contents/Eclipse/plugins/com.st.stm32cube.ide.mcu.externaltools.gnu-tools-for-stm32.12.3.rel1.macos64_1.1.0.202410301201/tools/bin/../lib/gcc/arm-none-eabi/12.3.1/../../../../arm-none-eabi/lib/thumb/v7e-m+dp/hard/libc_nano.a(libc_a-init.o)
                0x08001e90                __libc_init_array
 *(.glue_7)
 .glue_7        0x08001ed8        0x0 linker stubs
 *(.glue_7t)
 .glue_7t       0x08001ed8        0x0 linker stubs
 *(.eh_frame)
 .eh_frame      0x08001ed8        0x0 /Applications/STM32CubeIDE.app/Contents/Eclipse/plugins/com.st.stm32cube.ide.mcu.externaltools.gnu-tools-for-stm32.12.3.rel1.macos64_1.1.0.202410301201/tools/bin/../lib/gcc/arm-none-eabi/12.3.1/thumb/v7e-m+dp/hard/crtbegin.o
 *(.init)
 .init          0x08001ed8        0x4 /Applications/STM32CubeIDE.app/Contents/Eclipse/plugins/com.st.stm32cube.ide.mcu.externaltools.gnu-tools-for-stm32.12.3.rel1.macos64_1.1.0.202410301201/tools/bin/../lib/gcc/arm-none-eabi/12.3.1/thumb/v7e-m+dp/hard/crti.o
                0x08001ed8                _init
 .init          0x08001edc        0x8 /Applications/STM32CubeIDE.app/Contents/Eclipse/plugins/com.st.stm32cube.ide.mcu.externaltools.gnu-tools-for-stm32.12.3.rel1.macos64_1.1.0.202410301201/tools/bin/../lib/gcc/arm-none-eabi/12.3.1/thumb/v7e-m+dp/hard/crtn.o
 *(.fini)
 .fini          0x08001ee4        0x4 /Applications/STM32CubeIDE.app/Contents/Eclipse/plugins/com.st.stm32cube.ide.mcu.externaltools.gnu-tools-for-stm32.12.3.rel1.macos64_1.1.0.202410301201/tools/bin/../lib/gcc/arm-none-eabi/12.3.1/thumb/v7e-m+dp/hard/crti.o
                0x08001ee4                _fini
 .fini          0x08001ee8        0x8 /Applications/STM32CubeIDE.app/Contents/Eclipse/plugins/com.st.stm32cube.ide.mcu.externaltools.gnu-tools-for-stm32.12.3.rel1.macos64_1.1.0.202410301201/tools/bin/../lib/gcc/arm-none-eabi/12.3.1/thumb/v7e-m+dp/hard/crtn.o
                0x08001ef0                        . = ALIGN (0x4)
                0x08001ef0                        _etext = .

.vfp11_veneer   0x08001ef0        0x0
 .vfp11_veneer  0x08001ef0        0x0 linker stubs

.v4_bx          0x08001ef0        0x0
 .v4_bx         0x08001ef0        0x0 linker stubs

.iplt           0x08001ef0        0x0
 .iplt          0x08001ef0        0x0 /Applications/STM32CubeIDE.app/Contents/Eclipse/plugins/com.st.stm32cube.ide.mcu.externaltools.gnu-tools-for-stm32.12.3.rel1.macos64_1.1.0.202410301201/tools/bin/../lib/gcc/arm-none-eabi/12.3.1/thumb/v7e-m+dp/hard/crtbegin.o

.rodata         0x08001ef0       0x44
                0x08001ef0                        . = ALIGN (0x4)
 *(.rodata)
 .rodata        0x08001ef0       0x42 ./Core/Src/main.o
 *(.rodata*)
                0x08001f34                        . = ALIGN (0x4)
 *fill*         0x08001f32        0x2 

.ARM.extab      0x08001f34        0x0
                0x08001f34                        . = ALIGN (0x4)
 *(.ARM.extab* .gnu.linkonce.armextab.*)
                0x08001f34                        . = ALIGN (0x4)

.ARM            0x08001f34        0x0
                0x08001f34                        . = ALIGN (0x4)
                0x08001f34                        __exidx_start = .
 *(.ARM.exidx*)
                0x08001f34                        __exidx_end = .
                0x08001f34                        . = ALIGN (0x4)

.preinit_array  0x08001f34        0x0
                0x08001f34                        . = ALIGN (0x4)
                0x08001f34                        PROVIDE (__preinit_array_start = .)
 *(.preinit_array*)
                0x08001f34                        PROVIDE (__preinit_array_end = .)
                0x08001f34                        . = ALIGN (0x4)

.init_array     0x08001f34        0x4
                0x08001f34                        . = ALIGN (0x4)
                0x08001f34                        PROVIDE (__init_array_start = .)
 *(SORT_BY_NAME(.init_array.*))
 *(.init_array*)
 .init_array    0x08001f34        0x4 /Applications/STM32CubeIDE.app/Contents/Eclipse/plugins/com.st.stm32cube.ide.mcu.externaltools.gnu-tools-for-stm32.12.3.rel1.macos64_1.1.0.202410301201/tools/bin/../lib/gcc/arm-none-eabi/12.3.1/thumb/v7e-m+dp/hard/crtbegin.o
                0x08001f38                        PROVIDE (__init_array_end = .)
                0x08001f38                        . = ALIGN (0x4)

.fini_array     0x08001f38        0x4
                0x08001f38                        . = ALIGN (0x4)
                [!provide]                        PROVIDE (__fini_array_start = .)
 *(SORT_BY_NAME(.fini_array.*))
 *(.fini_array*)
 .fini_array    0x08001f38        0x4 /Applications/STM32CubeIDE.app/Contents/Eclipse/plugins/com.st.stm32cube.ide.mcu.externaltools.gnu-tools-for-stm32.12.3.rel1.macos64_1.1.0.202410301201/tools/bin/../lib/gcc/arm-none-eabi/12.3.1/thumb/v7e-m+dp/hard/crtbegin.o
                [!provide]                        PROVIDE (__fini_array_end = .)
                0x08001f3c                        . = ALIGN (0x4)
                0x08001f3c                        _sidata = LOADADDR (.data)

.rel.dyn        0x08001f3c        0x0
 .rel.iplt      0x08001f3c        0x0 /Applications/STM32CubeIDE.app/Contents/Eclipse/plugins/com.st.stm32cube.ide.mcu.externaltools.gnu-tools-for-stm32.12.3.rel1.macos64_1.1.0.202410301201/tools/bin/../lib/gcc/arm-none-eabi/12.3.1/thumb/v7e-m+dp/hard/crtbegin.o

.data           0x20000000        0x8 load address 0x08001f3c
                0x20000000                        . = ALIGN (0x4)
                0x20000000                        _sdata = .
 *(.data)
 *(.data*)
 .data.iRamp    0x20000000        0x4 ./Core/Src/main.o
                0x20000000                iRamp
 .data.StartFlag
                0x20000004        0x1 ./Core/Src/main.o
                0x20000004                StartFlag
 *(.RamFunc)
 *(.RamFunc*)
                0x20000008                        . = ALIGN (0x4)
 *fill*         0x20000005        0x3 
                0x20000008                        _edata = .

.igot.plt       0x20000008        0x0 load address 0x08001f44
 .igot.plt      0x20000008        0x0 /Applications/STM32CubeIDE.app/Contents/Eclipse/plugins/com.st.stm32cube.ide.mcu.externaltools.gnu-tools-for-stm32.12.3.rel1.macos64_1.1.0.202410301201/tools/bin/../lib/gcc/arm-none-eabi/12.3.1/thumb/v7e-m+dp/hard/crtbegin.o
                0x20000008                        . = ALIGN (0x4)

.bss            0x20000008       0xd8 load address 0x08001f44
                0x20000008                        _sbss = .
                0x20000008                        __bss_start__ = _sbss
 *(.bss)
 .bss           0x20000008       0x1c /Applications/STM32CubeIDE.app/Contents/Eclipse/plugins/com.st.stm32cube.ide.mcu.externaltools.gnu-tools-for-stm32.12.3.rel1.macos64_1.1.0.202410301201/tools/bin/../lib/gcc/arm-none-eabi/12.3.1/thumb/v7e-m+dp/hard/crtbegin.o
 *(.bss*)
 .bss.DutyA     0x20000024        0x4 ./Core/Src/hall.o
                0x20000024                DutyA
 .bss.DutyB     0x20000028        0x4 ./Core/Src/hall.o
                0x20000028                DutyB
 .bss.DutyC     0x2000002c        0x4 ./Core/Src/hall.o
                0x2000002c                DutyC
 .bss.Vdc       0x20000030        0x4 ./Core/Src/main.o
                0x20000030                Vdc
 .bss.MosfetTemp
                0x20000034        0x4 ./Core/Src/main.o
                0x20000034                MosfetTemp
 .bss.calculated_rpm
                0x20000038        0x4 ./Core/Src/main.o
                0x20000038                calculated_rpm
 .bss.motor_speed_rpm
                0x2000003c        0x4 ./Core/Src/main.o
                0x2000003c                motor_speed_rpm
 .bss.Fi        0x20000040        0x4 ./Core/Src/main.o
                0x20000040                Fi
 .bss.Ft        0x20000044        0x4 ./Core/Src/main.o
                0x20000044                Ft
 .bss.I_Max     0x20000048        0x4 ./Core/Src/main.o
                0x20000048                I_Max
 .bss.tempLaw   0x2000004c        0x4 ./Core/Src/main.o
                0x2000004c                tempLaw
 .bss.speed_km_h
                0x20000050        0x4 ./Core/Src/main.o
                0x20000050                speed_km_h
 .bss.ias_LPF   0x20000054        0x4 ./Core/Src/main.o
                0x20000054                ias_LPF
 .bss.ibs_LPF   0x20000058        0x4 ./Core/Src/main.o
                0x20000058                ibs_LPF
 .bss.ics_LPF   0x2000005c        0x4 ./Core/Src/main.o
                0x2000005c                ics_LPF
 .bss.ThrottleRef
                0x20000060        0x4 ./Core/Src/main.o
                0x20000060                ThrottleRef
 .bss.ThrottleRef_Ramp
                0x20000064        0x4 ./Core/Src/main.o
                0x20000064                ThrottleRef_Ramp
 .bss.Throttle_ADC
                0x20000068        0x4 ./Core/Src/main.o
                0x20000068                Throttle_ADC
 .bss.ias       0x2000006c        0x4 ./Core/Src/main.o
                0x2000006c                ias
 .bss.ibs       0x20000070        0x4 ./Core/Src/main.o
                0x20000070                ibs
 .bss.ics       0x20000074        0x4 ./Core/Src/main.o
                0x20000074                ics
 .bss.ias_Cal   0x20000078        0x4 ./Core/Src/main.o
                0x20000078                ias_Cal
 .bss.ibs_Cal   0x2000007c        0x4 ./Core/Src/main.o
                0x2000007c                ibs_Cal
 .bss.ics_Cal   0x20000080        0x4 ./Core/Src/main.o
                0x20000080                ics_Cal
 .bss.last_hall_time
                0x20000084        0x4 ./Core/Src/main.o
                0x20000084                last_hall_time
 .bss.msTicks   0x20000088        0x4 ./Core/Src/main.o
                0x20000088                msTicks
 .bss.VoltageRef
                0x2000008c        0x4 ./Core/Src/main.o
                0x2000008c                VoltageRef
 .bss.Tim1TestCnt
                0x20000090        0x4 ./Core/Src/main.o
                0x20000090                Tim1TestCnt
 .bss.Ias_Offset
                0x20000094        0x4 ./Core/Src/main.o
                0x20000094                Ias_Offset
 .bss.Ibs_Offset
                0x20000098        0x4 ./Core/Src/main.o
                0x20000098                Ibs_Offset
 .bss.Ics_Offset
                0x2000009c        0x4 ./Core/Src/main.o
                0x2000009c                Ics_Offset
 .bss.delta_time
                0x200000a0        0x4 ./Core/Src/main.o
                0x200000a0                delta_time
 .bss.Task_10msFlg
                0x200000a4        0x1 ./Core/Src/main.o
                0x200000a4                Task_10msFlg
 .bss.Task_100msFlg
                0x200000a5        0x1 ./Core/Src/main.o
                0x200000a5                Task_100msFlg
 .bss.Task_1sFlg
                0x200000a6        0x1 ./Core/Src/main.o
                0x200000a6                Task_1sFlg
 .bss.Task_500msFlg
                0x200000a7        0x1 ./Core/Src/main.o
                0x200000a7                Task_500msFlg
 .bss.HA        0x200000a8        0x1 ./Core/Src/main.o
                0x200000a8                HA
 .bss.HB        0x200000a9        0x1 ./Core/Src/main.o
                0x200000a9                HB
 .bss.HC        0x200000aa        0x1 ./Core/Src/main.o
                0x200000aa                HC
 .bss.HallSum   0x200000ab        0x1 ./Core/Src/main.o
                0x200000ab                HallSum
 .bss.InitCal   0x200000ac        0x1 ./Core/Src/main.o
                0x200000ac                InitCal
 .bss.FltFlg    0x200000ad        0x1 ./Core/Src/main.o
                0x200000ad                FltFlg
 .bss.ThrottleActive
                0x200000ae        0x1 ./Core/Src/main.o
                0x200000ae                ThrottleActive
 .bss.FltCnt    0x200000af        0x1 ./Core/Src/main.o
                0x200000af                FltCnt
 .bss.init_drive
                0x200000b0        0x1 ./Core/Src/main.o
                0x200000b0                init_drive
 *fill*         0x200000b1        0x3 
 .bss.RpmRef    0x200000b4        0x4 ./Core/Src/main.o
                0x200000b4                RpmRef
 .bss.RpmErr    0x200000b8        0x4 ./Core/Src/main.o
                0x200000b8                RpmErr
 .bss.Pterm     0x200000bc        0x4 ./Core/Src/main.o
                0x200000bc                Pterm
 .bss.Iterm     0x200000c0        0x4 ./Core/Src/main.o
                0x200000c0                Iterm
 .bss.PIterm    0x200000c4        0x4 ./Core/Src/main.o
                0x200000c4                PIterm
 .bss.Kp        0x200000c8        0x4 ./Core/Src/main.o
                0x200000c8                Kp
 .bss.Ki        0x200000cc        0x4 ./Core/Src/main.o
                0x200000cc                Ki
 .bss.SpdFlg    0x200000d0        0x1 ./Core/Src/main.o
                0x200000d0                SpdFlg
 *fill*         0x200000d1        0x3 
 .bss.rpmHoldCounter
                0x200000d4        0x4 ./Core/Src/main.o
                0x200000d4                rpmHoldCounter
 .bss.RpmNew    0x200000d8        0x4 ./Core/Src/main.o
                0x200000d8                RpmNew
 .bss.RpmOld    0x200000dc        0x4 ./Core/Src/main.o
                0x200000dc                RpmOld
 *(COMMON)
                0x200000e0                        . = ALIGN (0x4)
                0x200000e0                        _ebss = .
                0x200000e0                        __bss_end__ = _ebss

._user_heap_stack
                0x200000e0      0x600 load address 0x08001f44
                0x200000e0                        . = ALIGN (0x8)
                [!provide]                        PROVIDE (end = .)
                0x200000e0                        PROVIDE (_end = .)
                0x200002e0                        . = (. + _Min_Heap_Size)
 *fill*         0x200000e0      0x200 
                0x200006e0                        . = (. + _Min_Stack_Size)
 *fill*         0x200002e0      0x400 
                0x200006e0                        . = ALIGN (0x8)

/DISCARD/
 libc.a(*)
 libm.a(*)
 libgcc.a(*)

.ARM.attributes
                0x00000000       0x2e
 *(.ARM.attributes)
 .ARM.attributes
                0x00000000       0x20 /Applications/STM32CubeIDE.app/Contents/Eclipse/plugins/com.st.stm32cube.ide.mcu.externaltools.gnu-tools-for-stm32.12.3.rel1.macos64_1.1.0.202410301201/tools/bin/../lib/gcc/arm-none-eabi/12.3.1/thumb/v7e-m+dp/hard/crti.o
 .ARM.attributes
                0x00000020       0x32 /Applications/STM32CubeIDE.app/Contents/Eclipse/plugins/com.st.stm32cube.ide.mcu.externaltools.gnu-tools-for-stm32.12.3.rel1.macos64_1.1.0.202410301201/tools/bin/../lib/gcc/arm-none-eabi/12.3.1/thumb/v7e-m+dp/hard/crtbegin.o
 .ARM.attributes
                0x00000052       0x32 ./Core/Src/GPIO.o
 .ARM.attributes
                0x00000084       0x32 ./Core/Src/adc.o
 .ARM.attributes
                0x000000b6       0x32 ./Core/Src/clock.o
 .ARM.attributes
                0x000000e8       0x32 ./Core/Src/dac.o
 .ARM.attributes
                0x0000011a       0x32 ./Core/Src/hall.o
 .ARM.attributes
                0x0000014c       0x32 ./Core/Src/main.o
 .ARM.attributes
                0x0000017e       0x32 ./Core/Src/stm32f7xx_it.o
 .ARM.attributes
                0x000001b0       0x32 ./Core/Src/system_stm32f7xx.o
 .ARM.attributes
                0x000001e2       0x32 ./Core/Src/timer.o
 .ARM.attributes
                0x00000214       0x32 ./Core/Src/uart.o
 .ARM.attributes
                0x00000246       0x21 ./Core/Startup/startup_stm32f767vitx.o
 .ARM.attributes
                0x00000267       0x32 /Applications/STM32CubeIDE.app/Contents/Eclipse/plugins/com.st.stm32cube.ide.mcu.externaltools.gnu-tools-for-stm32.12.3.rel1.macos64_1.1.0.202410301201/tools/bin/../lib/gcc/arm-none-eabi/12.3.1/../../../../arm-none-eabi/lib/thumb/v7e-m+dp/hard/libc_nano.a(libc_a-init.o)
 .ARM.attributes
                0x00000299       0x20 /Applications/STM32CubeIDE.app/Contents/Eclipse/plugins/com.st.stm32cube.ide.mcu.externaltools.gnu-tools-for-stm32.12.3.rel1.macos64_1.1.0.202410301201/tools/bin/../lib/gcc/arm-none-eabi/12.3.1/thumb/v7e-m+dp/hard/crtn.o
OUTPUT(Integrated code.elf elf32-littlearm)
LOAD linker stubs
LOAD /Applications/STM32CubeIDE.app/Contents/Eclipse/plugins/com.st.stm32cube.ide.mcu.externaltools.gnu-tools-for-stm32.12.3.rel1.macos64_1.1.0.202410301201/tools/bin/../lib/gcc/arm-none-eabi/12.3.1/../../../../arm-none-eabi/lib/thumb/v7e-m+dp/hard/libc.a
LOAD /Applications/STM32CubeIDE.app/Contents/Eclipse/plugins/com.st.stm32cube.ide.mcu.externaltools.gnu-tools-for-stm32.12.3.rel1.macos64_1.1.0.202410301201/tools/bin/../lib/gcc/arm-none-eabi/12.3.1/../../../../arm-none-eabi/lib/thumb/v7e-m+dp/hard/libm.a
LOAD /Applications/STM32CubeIDE.app/Contents/Eclipse/plugins/com.st.stm32cube.ide.mcu.externaltools.gnu-tools-for-stm32.12.3.rel1.macos64_1.1.0.202410301201/tools/bin/../lib/gcc/arm-none-eabi/12.3.1/thumb/v7e-m+dp/hard/libgcc.a

.debug_info     0x00000000     0x3b9e
 .debug_info    0x00000000      0x31f ./Core/Src/GPIO.o
 .debug_info    0x0000031f      0x405 ./Core/Src/adc.o
 .debug_info    0x00000724      0x84d ./Core/Src/clock.o
 .debug_info    0x00000f71      0x3fc ./Core/Src/dac.o
 .debug_info    0x0000136d      0xb23 ./Core/Src/hall.o
 .debug_info    0x00001e90      0xc87 ./Core/Src/main.o
 .debug_info    0x00002b17       0xf8 ./Core/Src/stm32f7xx_it.o
 .debug_info    0x00002c0f      0x46c ./Core/Src/system_stm32f7xx.o
 .debug_info    0x0000307b      0x486 ./Core/Src/timer.o
 .debug_info    0x00003501      0x66d ./Core/Src/uart.o
 .debug_info    0x00003b6e       0x30 ./Core/Startup/startup_stm32f767vitx.o

.debug_abbrev   0x00000000      0xcd2
 .debug_abbrev  0x00000000       0xe2 ./Core/Src/GPIO.o
 .debug_abbrev  0x000000e2       0xed ./Core/Src/adc.o
 .debug_abbrev  0x000001cf      0x12e ./Core/Src/clock.o
 .debug_abbrev  0x000002fd       0xf5 ./Core/Src/dac.o
 .debug_abbrev  0x000003f2      0x1fc ./Core/Src/hall.o
 .debug_abbrev  0x000005ee      0x2ed ./Core/Src/main.o
 .debug_abbrev  0x000008db       0x47 ./Core/Src/stm32f7xx_it.o
 .debug_abbrev  0x00000922       0xef ./Core/Src/system_stm32f7xx.o
 .debug_abbrev  0x00000a11       0xed ./Core/Src/timer.o
 .debug_abbrev  0x00000afe      0x1b0 ./Core/Src/uart.o
 .debug_abbrev  0x00000cae       0x24 ./Core/Startup/startup_stm32f767vitx.o

.debug_aranges  0x00000000      0x2f0
 .debug_aranges
                0x00000000       0x28 ./Core/Src/GPIO.o
 .debug_aranges
                0x00000028       0x20 ./Core/Src/adc.o
 .debug_aranges
                0x00000048       0x30 ./Core/Src/clock.o
 .debug_aranges
                0x00000078       0x30 ./Core/Src/dac.o
 .debug_aranges
                0x000000a8       0x58 ./Core/Src/hall.o
 .debug_aranges
                0x00000100       0xa0 ./Core/Src/main.o
 .debug_aranges
                0x000001a0       0x58 ./Core/Src/stm32f7xx_it.o
 .debug_aranges
                0x000001f8       0x20 ./Core/Src/system_stm32f7xx.o
 .debug_aranges
                0x00000218       0x38 ./Core/Src/timer.o
 .debug_aranges
                0x00000250       0x78 ./Core/Src/uart.o
 .debug_aranges
                0x000002c8       0x28 ./Core/Startup/startup_stm32f767vitx.o

.debug_rnglists
                0x00000000      0x220
 .debug_rnglists
                0x00000000       0x19 ./Core/Src/GPIO.o
 .debug_rnglists
                0x00000019       0x14 ./Core/Src/adc.o
 .debug_rnglists
                0x0000002d       0x21 ./Core/Src/clock.o
 .debug_rnglists
                0x0000004e       0x1f ./Core/Src/dac.o
 .debug_rnglists
                0x0000006d       0x41 ./Core/Src/hall.o
 .debug_rnglists
                0x000000ae       0x8a ./Core/Src/main.o
 .debug_rnglists
                0x00000138       0x3d ./Core/Src/stm32f7xx_it.o
 .debug_rnglists
                0x00000175       0x13 ./Core/Src/system_stm32f7xx.o
 .debug_rnglists
                0x00000188       0x26 ./Core/Src/timer.o
 .debug_rnglists
                0x000001ae       0x59 ./Core/Src/uart.o
 .debug_rnglists
                0x00000207       0x19 ./Core/Startup/startup_stm32f767vitx.o

.debug_macro    0x00000000    0x1d96e
 .debug_macro   0x00000000       0xc7 ./Core/Src/GPIO.o
 .debug_macro   0x000000c7      0xacc ./Core/Src/GPIO.o
 .debug_macro   0x00000b93       0x3b ./Core/Src/GPIO.o
 .debug_macro   0x00000bce       0x22 ./Core/Src/GPIO.o
 .debug_macro   0x00000bf0       0x8e ./Core/Src/GPIO.o
 .debug_macro   0x00000c7e       0x51 ./Core/Src/GPIO.o
 .debug_macro   0x00000ccf      0x103 ./Core/Src/GPIO.o
 .debug_macro   0x00000dd2       0x6a ./Core/Src/GPIO.o
 .debug_macro   0x00000e3c      0x1df ./Core/Src/GPIO.o
 .debug_macro   0x0000101b       0x1c ./Core/Src/GPIO.o
 .debug_macro   0x00001037       0x22 ./Core/Src/GPIO.o
 .debug_macro   0x00001059       0xd9 ./Core/Src/GPIO.o
 .debug_macro   0x00001132     0x12cd ./Core/Src/GPIO.o
 .debug_macro   0x000023ff      0x11f ./Core/Src/GPIO.o
 .debug_macro   0x0000251e       0x19 ./Core/Src/GPIO.o
 .debug_macro   0x00002537    0x1aa23 ./Core/Src/GPIO.o
 .debug_macro   0x0001cf5a       0xc7 ./Core/Src/adc.o
 .debug_macro   0x0001d021       0xc7 ./Core/Src/clock.o
 .debug_macro   0x0001d0e8       0xc7 ./Core/Src/dac.o
 .debug_macro   0x0001d1af       0xdd ./Core/Src/hall.o
 .debug_macro   0x0001d28c       0x76 ./Core/Src/hall.o
 .debug_macro   0x0001d302       0x10 ./Core/Src/hall.o
 .debug_macro   0x0001d312      0x11b ./Core/Src/main.o
 .debug_macro   0x0001d42d      0x1d4 ./Core/Src/stm32f7xx_it.o
 .debug_macro   0x0001d601      0x1bb ./Core/Src/system_stm32f7xx.o
 .debug_macro   0x0001d7bc       0xe1 ./Core/Src/timer.o
 .debug_macro   0x0001d89d       0xd1 ./Core/Src/uart.o

.debug_line     0x00000000     0x4348
 .debug_line    0x00000000      0x4b2 ./Core/Src/GPIO.o
 .debug_line    0x000004b2      0x503 ./Core/Src/adc.o
 .debug_line    0x000009b5      0x690 ./Core/Src/clock.o
 .debug_line    0x00001045      0x4d7 ./Core/Src/dac.o
 .debug_line    0x0000151c      0x713 ./Core/Src/hall.o
 .debug_line    0x00001c2f      0xba2 ./Core/Src/main.o
 .debug_line    0x000027d1      0x74d ./Core/Src/stm32f7xx_it.o
 .debug_line    0x00002f1e      0x69a ./Core/Src/system_stm32f7xx.o
 .debug_line    0x000035b8      0x545 ./Core/Src/timer.o
 .debug_line    0x00003afd      0x7d1 ./Core/Src/uart.o
 .debug_line    0x000042ce       0x7a ./Core/Startup/startup_stm32f767vitx.o

.debug_str      0x00000000    0xe7851
 .debug_str     0x00000000    0xa2bf9 ./Core/Src/GPIO.o
                              0xa2d94 (size before relaxing)
 .debug_str     0x000a2bf9       0x76 ./Core/Src/adc.o
                              0xa2de0 (size before relaxing)
 .debug_str     0x000a2c6f      0x1e9 ./Core/Src/clock.o
                              0xa2f1f (size before relaxing)
 .debug_str     0x000a2e58       0xb6 ./Core/Src/dac.o
                              0xa2e07 (size before relaxing)
 .debug_str     0x000a2f0e      0x926 ./Core/Src/hall.o
                              0xa372d (size before relaxing)
 .debug_str     0x000a3834      0x417 ./Core/Src/main.o
                              0xa3412 (size before relaxing)
 .debug_str     0x000a3c4b    0x43a7e ./Core/Src/stm32f7xx_it.o
                              0xe6b84 (size before relaxing)
 .debug_str     0x000e76c9       0x56 ./Core/Src/system_stm32f7xx.o
                              0xe67b0 (size before relaxing)
 .debug_str     0x000e771f       0x31 ./Core/Src/timer.o
                              0xa2e4b (size before relaxing)
 .debug_str     0x000e7750       0xbd ./Core/Src/uart.o
                              0xa2ec3 (size before relaxing)
 .debug_str     0x000e780d       0x44 ./Core/Startup/startup_stm32f767vitx.o
                                 0x87 (size before relaxing)

.comment        0x00000000       0x43
 .comment       0x00000000       0x43 ./Core/Src/GPIO.o
                                 0x44 (size before relaxing)
 .comment       0x00000043       0x44 ./Core/Src/adc.o
 .comment       0x00000043       0x44 ./Core/Src/clock.o
 .comment       0x00000043       0x44 ./Core/Src/dac.o
 .comment       0x00000043       0x44 ./Core/Src/hall.o
 .comment       0x00000043       0x44 ./Core/Src/main.o
 .comment       0x00000043       0x44 ./Core/Src/stm32f7xx_it.o
 .comment       0x00000043       0x44 ./Core/Src/system_stm32f7xx.o
 .comment       0x00000043       0x44 ./Core/Src/timer.o
 .comment       0x00000043       0x44 ./Core/Src/uart.o

.debug_frame    0x00000000      0x874
 .debug_frame   0x00000000       0x58 ./Core/Src/GPIO.o
 .debug_frame   0x00000058       0x30 ./Core/Src/adc.o
 .debug_frame   0x00000088       0x74 ./Core/Src/clock.o
 .debug_frame   0x000000fc       0x80 ./Core/Src/dac.o
 .debug_frame   0x0000017c      0x134 ./Core/Src/hall.o
 .debug_frame   0x000002b0      0x23c ./Core/Src/main.o
 .debug_frame   0x000004ec       0xe8 ./Core/Src/stm32f7xx_it.o
 .debug_frame   0x000005d4       0x30 ./Core/Src/system_stm32f7xx.o
 .debug_frame   0x00000604       0x8c ./Core/Src/timer.o
 .debug_frame   0x00000690      0x1b8 ./Core/Src/uart.o
 .debug_frame   0x00000848       0x2c /Applications/STM32CubeIDE.app/Contents/Eclipse/plugins/com.st.stm32cube.ide.mcu.externaltools.gnu-tools-for-stm32.12.3.rel1.macos64_1.1.0.202410301201/tools/bin/../lib/gcc/arm-none-eabi/12.3.1/../../../../arm-none-eabi/lib/thumb/v7e-m+dp/hard/libc_nano.a(libc_a-init.o)

.debug_line_str
                0x00000000       0x6b
 .debug_line_str
                0x00000000       0x6b ./Core/Startup/startup_stm32f767vitx.o
